// Vitest Snapshot v1, https://vitest.dev/guide/snapshot.html

exports[`Plugin > should render correctly 1`] = `"<div><div data-v-app=""><div class="h-screen overflow-hidden __________cytoscape_container"><div style="position: relative; z-index: 0; overflow: hidden;"><canvas style="user-select: none; outline-style: none; position: absolute; z-index: 3;" data-id="layer0-selectbox" width="0" height="0"></canvas><canvas style="user-select: none; outline-style: none; position: absolute; z-index: 2;" data-id="layer1-drag" width="0" height="0"></canvas><canvas style="user-select: none; outline-style: none; position: absolute; z-index: 1;" data-id="layer2-node" width="0" height="0"></canvas></div></div></div></div>"`;
