// Vitest Snapshot v1, https://vitest.dev/guide/snapshot.html

exports[`Plugin > should render correctly 1`] = `
VueWrapper {
  "__app": {
    "_component": {
      "name": "VTU_ROOT",
      "render": [Function],
      "setup": [Function],
    },
    "_container": <div
      data-v-app=""
    >
      <div
        class="h-screen overflow-hidden"
        credentials="include"
      />
    </div>,
    "_context": {
      "app": [Circular],
      "components": {
        "transition": {
          "name": "transition",
        },
        "transition-group": {
          "name": "transition-group",
        },
      },
      "config": {
        "compilerOptions": {},
        "errorHandler": undefined,
        "globalProperties": {},
        "isNativeTag": [Function],
        "optionMergeStrategies": {},
        "performance": false,
        "warnHandler": undefined,
      },
      "directives": {},
      "emitsCache": WeakMap {},
      "mixins": [
        {
          "beforeCreate": [Function],
        },
      ],
      "optionsCache": WeakMap {},
      "propsCache": WeakMap {},
      "provides": {},
      "reload": [Function],
    },
    "_instance": {
      "a": null,
      "accessCache": {},
      "appContext": {
        "app": [Circular],
        "components": {
          "transition": {
            "name": "transition",
          },
          "transition-group": {
            "name": "transition-group",
          },
        },
        "config": {
          "compilerOptions": {},
          "errorHandler": undefined,
          "globalProperties": {},
          "isNativeTag": [Function],
          "optionMergeStrategies": {},
          "performance": false,
          "warnHandler": undefined,
        },
        "directives": {},
        "emitsCache": WeakMap {},
        "mixins": [
          {
            "beforeCreate": [Function],
          },
        ],
        "optionsCache": WeakMap {},
        "propsCache": WeakMap {},
        "provides": {},
        "reload": [Function],
      },
      "asyncDep": null,
      "asyncResolved": false,
      "attrs": {},
      "bc": null,
      "bm": null,
      "bu": null,
      "bum": null,
      "c": null,
      "components": null,
      "ctx": {
        "VTU_COMPONENT": {},
      },
      "da": null,
      "data": {},
      "devtoolsRawSetupState": {
        "VTU_COMPONENT": RefImpl {
          "__v_isRef": true,
          "__v_isShallow": false,
          "_rawValue": {},
          "_value": {},
          "dep": undefined,
        },
      },
      "directives": null,
      "ec": null,
      "effect": ReactiveEffect {
        "_depsLength": 9,
        "_dirtyLevel": 0,
        "_runnings": 0,
        "_shouldSchedule": false,
        "_trackId": 1,
        "active": true,
        "allowRecurse": true,
        "deps": [
          Map {
            [Circular] => 1,
          },
          Map {
            [Circular] => 1,
          },
          Map {
            [Circular] => 1,
          },
          Map {
            [Circular] => 1,
          },
          Map {
            [Circular] => 1,
          },
          Map {
            [Circular] => 1,
          },
          Map {
            [Circular] => 1,
          },
          Map {
            [Circular] => 1,
          },
          Map {
            [Circular] => 1,
          },
        ],
        "fn": [Function],
        "onTrack": undefined,
        "onTrigger": undefined,
        "scheduler": [Function],
        "trigger": [Function],
      },
      "emit": [Function],
      "emitsOptions": null,
      "emitted": null,
      "exposeProxy": null,
      "exposed": null,
      "inheritAttrs": undefined,
      "isDeactivated": false,
      "isMounted": true,
      "isUnmounted": false,
      "m": null,
      "next": null,
      "parent": null,
      "props": {},
      "propsDefaults": {},
      "propsOptions": [
        {},
        [],
      ],
      "provides": {},
      "proxy": {
        "VTU_COMPONENT": {},
      },
      "refs": {
        "VTU_COMPONENT": {},
      },
      "render": [Function],
      "renderCache": [],
      "root": [Circular],
      "rtc": null,
      "rtg": null,
      "scope": EffectScope {
        "_active": true,
        "cleanups": [],
        "detached": true,
        "effects": [
          ReactiveEffect {
            "_depsLength": 9,
            "_dirtyLevel": 0,
            "_runnings": 0,
            "_shouldSchedule": false,
            "_trackId": 1,
            "active": true,
            "allowRecurse": true,
            "deps": [
              Map {
                [Circular] => 1,
              },
              Map {
                [Circular] => 1,
              },
              Map {
                [Circular] => 1,
              },
              Map {
                [Circular] => 1,
              },
              Map {
                [Circular] => 1,
              },
              Map {
                [Circular] => 1,
              },
              Map {
                [Circular] => 1,
              },
              Map {
                [Circular] => 1,
              },
              Map {
                [Circular] => 1,
              },
            ],
            "fn": [Function],
            "onTrack": undefined,
            "onTrigger": undefined,
            "scheduler": [Function],
            "trigger": [Function],
          },
        ],
        "parent": undefined,
      },
      "setupContext": null,
      "setupState": {
        "VTU_COMPONENT": {},
      },
      "slots": {},
      "sp": null,
      "subTree": {
        "__v_isVNode": true,
        "__v_skip": true,
        "anchor": null,
        "appContext": null,
        "children": null,
        "component": {
          "a": null,
          "accessCache": {},
          "appContext": {
            "app": [Circular],
            "components": {
              "transition": {
                "name": "transition",
              },
              "transition-group": {
                "name": "transition-group",
              },
            },
            "config": {
              "compilerOptions": {},
              "errorHandler": undefined,
              "globalProperties": {},
              "isNativeTag": [Function],
              "optionMergeStrategies": {},
              "performance": false,
              "warnHandler": undefined,
            },
            "directives": {},
            "emitsCache": WeakMap {},
            "mixins": [
              {
                "beforeCreate": [Function],
              },
            ],
            "optionsCache": WeakMap {},
            "propsCache": WeakMap {},
            "provides": {},
            "reload": [Function],
          },
          "asyncDep": null,
          "asyncResolved": false,
          "attrs": {
            "credentials": "include",
          },
          "bc": null,
          "bm": null,
          "bu": null,
          "bum": null,
          "c": null,
          "components": {},
          "ctx": {
            "datasetId": "MY_DATASET_ID",
            "datasetUrl": "network.json",
            "root": "/",
            "settings": {
              "color_picker_edges": "#A5A5A5",
              "color_picker_highlighted": "#C00000",
              "color_picker_nodes": "#548DB8",
              "curve_style": "haystack",
              "directed": false,
              "graph_traversal": undefined,
              "layout_name": "preset",
              "search_algorithm": undefined,
            },
            "specs": undefined,
            "tracks": [],
          },
          "da": null,
          "data": {},
          "devtoolsRawSetupState": {
            "cytoscape": RefImpl {
              "__v_isRef": true,
              "__v_isShallow": false,
              "_rawValue": null,
              "_value": null,
              "dep": undefined,
            },
            "dataset": RefImpl {
              "__v_isRef": true,
              "__v_isShallow": false,
              "_rawValue": undefined,
              "_value": undefined,
              "dep": undefined,
            },
            "getDataset": [Function],
            "props": {
              "datasetId": "MY_DATASET_ID",
              "datasetUrl": "network.json",
              "root": "/",
              "settings": {
                "color_picker_edges": "#A5A5A5",
                "color_picker_highlighted": "#C00000",
                "color_picker_nodes": "#548DB8",
                "curve_style": "haystack",
                "directed": false,
                "graph_traversal": undefined,
                "layout_name": "preset",
                "search_algorithm": undefined,
              },
              "specs": undefined,
              "tracks": [],
            },
            "render": [Function],
            "viewport": RefImpl {
              "__v_isRef": true,
              "__v_isShallow": false,
              "_rawValue": <div
                class="h-screen overflow-hidden"
                credentials="include"
              />,
              "_value": <div
                class="h-screen overflow-hidden"
                credentials="include"
              />,
              "dep": undefined,
            },
          },
          "directives": null,
          "ec": null,
          "effect": ReactiveEffect {
            "_depsLength": 0,
            "_dirtyLevel": 0,
            "_runnings": 0,
            "_shouldSchedule": false,
            "_trackId": 1,
            "active": true,
            "allowRecurse": true,
            "deps": [],
            "fn": [Function],
            "onTrack": undefined,
            "onTrigger": undefined,
            "scheduler": [Function],
            "trigger": [Function],
          },
          "emit": [Function],
          "emitsOptions": null,
          "emitted": null,
          "exposeProxy": {},
          "exposed": {},
          "inheritAttrs": undefined,
          "isDeactivated": false,
          "isMounted": true,
          "isUnmounted": false,
          "m": [
            [Function],
          ],
          "next": null,
          "parent": [Circular],
          "props": {
            "datasetId": "MY_DATASET_ID",
            "datasetUrl": "network.json",
            "root": "/",
            "settings": {
              "color_picker_edges": "#A5A5A5",
              "color_picker_highlighted": "#C00000",
              "color_picker_nodes": "#548DB8",
              "curve_style": "haystack",
              "directed": false,
              "graph_traversal": undefined,
              "layout_name": "preset",
              "search_algorithm": undefined,
            },
            "specs": undefined,
            "tracks": [],
          },
          "propsDefaults": {},
          "propsOptions": [
            {
              "datasetId": {
                "0": false,
                "1": true,
                "required": true,
                "type": [Function],
              },
              "datasetUrl": {
                "0": false,
                "1": true,
                "required": true,
                "type": [Function],
              },
              "root": {
                "0": false,
                "1": true,
                "required": true,
                "type": [Function],
              },
              "settings": {
                "0": false,
                "1": true,
                "required": true,
                "type": [Function],
              },
              "specs": {
                "0": false,
                "1": true,
                "required": false,
                "type": [Function],
              },
              "tracks": {
                "0": false,
                "1": true,
                "required": true,
                "type": [Function],
              },
            },
            [],
          ],
          "provides": {},
          "proxy": {
            "datasetId": "MY_DATASET_ID",
            "datasetUrl": "network.json",
            "root": "/",
            "settings": {
              "color_picker_edges": "#A5A5A5",
              "color_picker_highlighted": "#C00000",
              "color_picker_nodes": "#548DB8",
              "curve_style": "haystack",
              "directed": false,
              "graph_traversal": undefined,
              "layout_name": "preset",
              "search_algorithm": undefined,
            },
            "specs": undefined,
            "tracks": [],
          },
          "refs": {
            "viewport": <div
              class="h-screen overflow-hidden"
              credentials="include"
            />,
          },
          "render": [Function],
          "renderCache": [],
          "root": [Circular],
          "rtc": null,
          "rtg": null,
          "scope": EffectScope {
            "_active": true,
            "cleanups": [],
            "detached": true,
            "effects": [
              ReactiveEffect {
                "_depsLength": 20,
                "_dirtyLevel": 0,
                "_runnings": 0,
                "_shouldSchedule": false,
                "_trackId": 1,
                "active": true,
                "deps": [
                  Map {
                    [Circular] => 1,
                  },
                  Map {
                    [Circular] => 1,
                  },
                  Map {
                    [Circular] => 1,
                  },
                  Map {
                    [Circular] => 1,
                  },
                  Map {
                    [Circular] => 1,
                  },
                  Map {
                    [Circular] => 1,
                  },
                  Map {
                    [Circular] => 1,
                  },
                  Map {
                    [Circular] => 1,
                  },
                  Map {
                    [Circular] => 1,
                  },
                  Map {
                    [Circular] => 1,
                  },
                  Map {
                    [Circular] => 1,
                  },
                  Map {
                    [Circular] => 1,
                  },
                  Map {
                    [Circular] => 1,
                  },
                  Map {
                    [Circular] => 1,
                  },
                  Map {
                    [Circular] => 1,
                  },
                  Map {
                    [Circular] => 1,
                  },
                  Map {
                    [Circular] => 1,
                  },
                  Map {
                    [Circular] => 1,
                  },
                  Map {
                    [Circular] => 1,
                  },
                  Map {
                    [Circular] => 1,
                  },
                ],
                "fn": [Function],
                "onTrack": undefined,
                "onTrigger": undefined,
                "scheduler": [Function],
                "trigger": [Function],
              },
              ReactiveEffect {
                "_depsLength": 0,
                "_dirtyLevel": 0,
                "_runnings": 0,
                "_shouldSchedule": false,
                "_trackId": 1,
                "active": true,
                "allowRecurse": true,
                "deps": [],
                "fn": [Function],
                "onTrack": undefined,
                "onTrigger": undefined,
                "scheduler": [Function],
                "trigger": [Function],
              },
            ],
            "parent": undefined,
          },
          "setupContext": {
            "attrs": {
              "credentials": "include",
            },
            "emit": [Function],
            "expose": [Function],
            "slots": {},
          },
          "setupState": {
            "cytoscape": null,
            "dataset": undefined,
            "getDataset": [Function],
            "props": {
              "datasetId": "MY_DATASET_ID",
              "datasetUrl": "network.json",
              "root": "/",
              "settings": {
                "color_picker_edges": "#A5A5A5",
                "color_picker_highlighted": "#C00000",
                "color_picker_nodes": "#548DB8",
                "curve_style": "haystack",
                "directed": false,
                "graph_traversal": undefined,
                "layout_name": "preset",
                "search_algorithm": undefined,
              },
              "specs": undefined,
              "tracks": [],
            },
            "render": [Function],
            "viewport": <div
              class="h-screen overflow-hidden"
              credentials="include"
            />,
          },
          "slots": {},
          "sp": null,
          "subTree": {
            "__v_isVNode": true,
            "__v_skip": true,
            "anchor": null,
            "appContext": null,
            "ce": undefined,
            "children": null,
            "component": null,
            "ctx": [Circular],
            "dirs": null,
            "dynamicChildren": [],
            "dynamicProps": null,
            "el": <div
              class="h-screen overflow-hidden"
              credentials="include"
            />,
            "key": null,
            "patchFlag": 528,
            "props": {
              "class": "h-screen overflow-hidden",
              "credentials": "include",
              "ref": "viewport",
            },
            "ref": {
              "f": false,
              "i": [Circular],
              "k": undefined,
              "r": "viewport",
            },
            "scopeId": null,
            "shapeFlag": 1,
            "slotScopeIds": null,
            "ssContent": null,
            "ssFallback": null,
            "staticCount": 0,
            "suspense": null,
            "target": null,
            "targetAnchor": null,
            "targetStart": null,
            "transition": null,
            "type": "div",
          },
          "suspense": null,
          "suspenseId": 0,
          "type": {
            "__file": "/Users/guerler/galaxy-visualizations/packages/cytoscape/src/Plugin.vue",
            "__name": "Plugin",
            "components": {},
            "props": {
              "datasetId": {
                "required": true,
                "type": [Function],
              },
              "datasetUrl": {
                "required": true,
                "type": [Function],
              },
              "root": {
                "required": true,
                "type": [Function],
              },
              "settings": {
                "required": true,
                "type": [Function],
              },
              "specs": {
                "required": false,
                "type": [Function],
              },
              "tracks": {
                "required": true,
                "type": [Function],
              },
            },
            "render": [Function],
            "setup": [Function],
          },
          "u": null,
          "uid": 1,
          "um": [
            [Function],
          ],
          "update": [Function],
          "vnode": [Circular],
          "withProxy": null,
        },
        "ctx": [Circular],
        "dirs": null,
        "dynamicChildren": null,
        "dynamicProps": null,
        "el": <div
          class="h-screen overflow-hidden"
          credentials="include"
        />,
        "key": null,
        "patchFlag": 0,
        "props": {
          "credentials": "include",
          "datasetId": "MY_DATASET_ID",
          "datasetUrl": "network.json",
          "ref": "VTU_COMPONENT",
          "root": "/",
          "settings": {
            "color_picker_edges": "#A5A5A5",
            "color_picker_highlighted": "#C00000",
            "color_picker_nodes": "#548DB8",
            "curve_style": "haystack",
            "directed": false,
            "graph_traversal": undefined,
            "layout_name": "preset",
            "search_algorithm": undefined,
          },
          "tracks": [],
        },
        "ref": {
          "f": false,
          "i": [Circular],
          "k": undefined,
          "r": "VTU_COMPONENT",
        },
        "scopeId": null,
        "shapeFlag": 4,
        "slotScopeIds": null,
        "ssContent": null,
        "ssFallback": null,
        "staticCount": 0,
        "suspense": null,
        "target": null,
        "targetAnchor": null,
        "targetStart": null,
        "transition": null,
        "type": {
          "__file": "/Users/guerler/galaxy-visualizations/packages/cytoscape/src/Plugin.vue",
          "__name": "Plugin",
          "components": {},
          "props": {
            "datasetId": {
              "required": true,
              "type": [Function],
            },
            "datasetUrl": {
              "required": true,
              "type": [Function],
            },
            "root": {
              "required": true,
              "type": [Function],
            },
            "settings": {
              "required": true,
              "type": [Function],
            },
            "specs": {
              "required": false,
              "type": [Function],
            },
            "tracks": {
              "required": true,
              "type": [Function],
            },
          },
          "render": [Function],
          "setup": [Function],
        },
      },
      "suspense": null,
      "suspenseId": 0,
      "type": {
        "name": "VTU_ROOT",
        "render": [Function],
        "setup": [Function],
      },
      "u": null,
      "uid": 0,
      "um": null,
      "update": [Function],
      "vnode": {
        "__v_isVNode": true,
        "__v_skip": true,
        "anchor": null,
        "appContext": {
          "app": [Circular],
          "components": {
            "transition": {
              "name": "transition",
            },
            "transition-group": {
              "name": "transition-group",
            },
          },
          "config": {
            "compilerOptions": {},
            "errorHandler": undefined,
            "globalProperties": {},
            "isNativeTag": [Function],
            "optionMergeStrategies": {},
            "performance": false,
            "warnHandler": undefined,
          },
          "directives": {},
          "emitsCache": WeakMap {},
          "mixins": [
            {
              "beforeCreate": [Function],
            },
          ],
          "optionsCache": WeakMap {},
          "propsCache": WeakMap {},
          "provides": {},
          "reload": [Function],
        },
        "children": null,
        "component": [Circular],
        "ctx": null,
        "dirs": null,
        "dynamicChildren": null,
        "dynamicProps": null,
        "el": <div
          class="h-screen overflow-hidden"
          credentials="include"
        />,
        "key": null,
        "patchFlag": 0,
        "props": null,
        "ref": null,
        "scopeId": null,
        "shapeFlag": 4,
        "slotScopeIds": null,
        "ssContent": null,
        "ssFallback": null,
        "staticCount": 0,
        "suspense": null,
        "target": null,
        "targetAnchor": null,
        "targetStart": null,
        "transition": null,
        "type": {
          "name": "VTU_ROOT",
          "render": [Function],
          "setup": [Function],
        },
      },
      "withProxy": null,
    },
    "_props": null,
    "_uid": 0,
    "component": [Function],
    "config": {
      "compilerOptions": {},
      "errorHandler": undefined,
      "globalProperties": {},
      "isNativeTag": [Function],
      "optionMergeStrategies": {},
      "performance": false,
      "warnHandler": undefined,
    },
    "directive": [Function],
    "mixin": [Function],
    "mount": [Function],
    "provide": [Function],
    "runWithContext": [Function],
    "unmount": [Function],
    "use": [Function],
    "version": "3.4.38",
  },
  "__setProps": [Function],
  "cleanUpCallbacks": [
    [Function],
    [Function],
    [Function],
    [Function],
    [Function],
    [Function],
    [Function],
    [Function],
    [Function],
    [Function],
    [Function],
    [Function],
    [Function],
    [Function],
    [Function],
    [Function],
    [Function],
    [Function],
    [Function],
    [Function],
    [Function],
    [Function],
    [Function],
    [Function],
    [Function],
    [Function],
    [Function],
    [Function],
    [Function],
    [Function],
    [Function],
    [Function],
    [Function],
    [Function],
    [Function],
    [Function],
    [Function],
    [Function],
    [Function],
    [Function],
    [Function],
    [Function],
    [Function],
    [Function],
    [Function],
    [Function],
    [Function],
    [Function],
    [Function],
    [Function],
    [Function],
    [Function],
    [Function],
    [Function],
    [Function],
    [Function],
    [Function],
    [Function],
    [Function],
    [Function],
    [Function],
    [Function],
    [Function],
    [Function],
    [Function],
    [Function],
    [Function],
    [Function],
    [Function],
    [Function],
    [Function],
    [Function],
    [Function],
    [Function],
    [Function],
    [Function],
    [Function],
    [Function],
    [Function],
    [Function],
    [Function],
    [Function],
    [Function],
    [Function],
    [Function],
    [Function],
    [Function],
    [Function],
    [Function],
    [Function],
    [Function],
    [Function],
    [Function],
    [Function],
    [Function],
    [Function],
    [Function],
    [Function],
    [Function],
    [Function],
    [Function],
    [Function],
    [Function],
    [Function],
    [Function],
    [Function],
    [Function],
    [Function],
    [Function],
    [Function],
    [Function],
    [Function],
    [Function],
    [Function],
    [Function],
    [Function],
    [Function],
    [Function],
    [Function],
    [Function],
    [Function],
    [Function],
    [Function],
    [Function],
    [Function],
    [Function],
    [Function],
    [Function],
    [Function],
    [Function],
    [Function],
    [Function],
    [Function],
    [Function],
    [Function],
    [Function],
    [Function],
    [Function],
    [Function],
    [Function],
    [Function],
    [Function],
    [Function],
    [Function],
    [Function],
    [Function],
    [Function],
    [Function],
    [Function],
    [Function],
    [Function],
    [Function],
    [Function],
    [Function],
    [Function],
    [Function],
    [Function],
    [Function],
    [Function],
    [Function],
    [Function],
    [Function],
    [Function],
    [Function],
    [Function],
    [Function],
    [Function],
    [Function],
    [Function],
    [Function],
    [Function],
    [Function],
  ],
  "componentVM": {},
  "isDisabled": [Function],
  "rootVM": {
    "VTU_COMPONENT": {},
  },
  "wrapperElement": <div
    class="h-screen overflow-hidden"
    credentials="include"
  />,
}
`;
